// Jest Snapshot v1, https://goo.gl/fbAQLP

exports[`Snapshot test to check if renders correctly 1`] = `
<div
  id="mainBody"
>
  <header />
  <navbar />
  <section
    class="New_Department row"
  >
    <nav
      class="side_navigation col-lg-3 col-md-3 "
    >
      <i
        class="fa fa-bars menu_collapse"
        onClick={[Function]}
        style={
          Object {
            "fontSize": "30px",
          }
        }
      />
      <ul
        class="list-group sidenav_list"
      >
        <li>
          <a
            class="list-group-item list-group-item-action level1"
            data-toggle="list"
            onClick={[Function]}
          >
            <img
              src="right_arrow_small.png"
            />
            Pre-Clinical Departments
          </a>
        </li>
        <li>
          <a
            class="list-group-item list-group-item-action level2 preClinicalSubitem"
            data-toggle="list"
            href="#Info1"
            onClick={[Function]}
          >
            Anatomy
          </a>
        </li>
        <li>
          <a
            class="list-group-item list-group-item-action level2 preClinicalSubitem"
            data-toggle="list"
            href="#Info1"
            onClick={[Function]}
          >
            Physiology
          </a>
        </li>
        <li>
          <a
            class="list-group-item list-group-item-action level2 preClinicalSubitem"
            data-toggle="list"
            href="#Info1"
            onClick={[Function]}
          >
            Biochemistry
          </a>
        </li>
        <li>
          <a
            class="list-group-item list-group-item-action level1"
            data-toggle="list"
            onClick={[Function]}
          >
            <img
              src="right_arrow_small.png"
            />
            Para-Clinical Department
          </a>
        </li>
        <li>
          <a
            class="list-group-item list-group-item-action level2 paraClinicalSubitem"
            data-toggle="list"
            href="#Info1"
            onClick={[Function]}
          >
            Microbiology
          </a>
        </li>
        <li>
          <a
            class="list-group-item list-group-item-action level2 paraClinicalSubitem"
            data-toggle="list"
            href="#Info1"
            onClick={[Function]}
          >
            Forensic Medicine
          </a>
        </li>
        <li>
          <a
            class="list-group-item list-group-item-action level2 paraClinicalSubitem"
            data-toggle="list"
            href="#Info1"
            onClick={[Function]}
          >
            Pharmacology
          </a>
        </li>
        <li>
          <a
            class="list-group-item list-group-item-action level2 paraClinicalSubitem"
            data-toggle="list"
            href="#Info1"
            onClick={[Function]}
          >
            Community Medicine
          </a>
        </li>
        <li>
          <a
            class="list-group-item list-group-item-action level2 paraClinicalSubitem"
            data-toggle="list"
            href="#Info1"
            onClick={[Function]}
          >
            Pathology
          </a>
        </li>
        <li>
          <a
            class="list-group-item list-group-item-action level1"
            data-toggle="list"
            onClick={[Function]}
          >
            <img
              src="right_arrow_small.png"
            />
            Clinical Departments
          </a>
        </li>
        <li>
          <a
            class="list-group-item list-group-item-action level2 clinicalSubitem"
            data-toggle="list"
            onClick={[Function]}
          >
            <img
              src="right_arrow_small.png"
            />
            Medical Specialties
          </a>
        </li>
        <li>
          <a
            class="list-group-item list-group-item-action level3 medicalSpecialities"
            data-toggle="list"
            href="#Info1"
            onClick={[Function]}
          >
            General Medicine
          </a>
        </li>
        <li>
          <a
            class="list-group-item list-group-item-action level3 medicalSpecialities"
            data-toggle="list"
            href="#Info1"
            onClick={[Function]}
          >
            Pediatrics
          </a>
        </li>
        <li>
          <a
            class="list-group-item list-group-item-action level3 medicalSpecialities"
            data-toggle="list"
            href="#Info1"
            onClick={[Function]}
          >
            Tuberculosis and Chest Diseases
          </a>
        </li>
        <li>
          <a
            class="list-group-item list-group-item-action level3 medicalSpecialities"
            data-toggle="list"
            href="#Info1"
            onClick={[Function]}
          >
            Skin & V. D.
          </a>
        </li>
        <li>
          <a
            class="list-group-item list-group-item-action level3 medicalSpecialities"
            data-toggle="list"
            href="#Info1"
            onClick={[Function]}
          >
            Psychiatry
          </a>
        </li>
        <li>
          <a
            class="list-group-item list-group-item-action level3 medicalSpecialities"
            data-toggle="list"
            href="#Info1"
            onClick={[Function]}
          >
            Radiology
          </a>
        </li>
        <li>
          <a
            class="list-group-item list-group-item-action level3 medicalSpecialities"
            data-toggle="list"
            href="#Info1"
            onClick={[Function]}
          >
            Anesthesiology
          </a>
        </li>
        <li>
          <a
            class="list-group-item list-group-item-action level2 clinicalSubitem"
            data-toggle="list"
            onClick={[Function]}
          >
            <img
              src="right_arrow_small.png"
            />
            Medical Super Specialties
          </a>
        </li>
        <li>
          <a
            class="list-group-item list-group-item-action level3 medicalSuperSpecialities"
            data-toggle="list"
            href="#ErrorInfo"
          >
            Cardiology
          </a>
        </li>
        <li>
          <a
            class="list-group-item list-group-item-action level3 medicalSuperSpecialities"
            data-toggle="list"
            href="#ErrorInfo"
          >
            Neurology
          </a>
        </li>
        <li>
          <a
            class="list-group-item list-group-item-action level3 medicalSuperSpecialities"
            data-toggle="list"
            href="#ErrorInfo"
          >
            Nephrology
          </a>
        </li>
        <li>
          <a
            class="list-group-item list-group-item-action level2 clinicalSubitem"
            data-toggle="list"
            onClick={[Function]}
          >
            <img
              src="right_arrow_small.png"
            />
            Surgical Super Specialties
          </a>
        </li>
        <li>
          <a
            class="list-group-item list-group-item-action level3 surgicalSuperSpecialities"
            data-toggle="list"
            href="#Info1"
            onClick={[Function]}
          >
            Cardiovascular and Thoracic Surgery
          </a>
        </li>
        <li>
          <a
            class="list-group-item list-group-item-action level3 surgicalSuperSpecialities"
            data-toggle="list"
            href="#Info1"
            onClick={[Function]}
          >
            Neuro-Surgery
          </a>
        </li>
        <li>
          <a
            class="list-group-item list-group-item-action level3 surgicalSuperSpecialities"
            data-toggle="list"
            href="#Info1"
            onClick={[Function]}
          >
            Pediatric Surgery
          </a>
        </li>
        <li>
          <a
            class="list-group-item list-group-item-action level3 surgicalSuperSpecialities"
            data-toggle="list"
            href="#Info1"
            onClick={[Function]}
          >
            Plastic Surgery
          </a>
        </li>
        <li>
          <a
            class="list-group-item list-group-item-action level3 surgicalSuperSpecialities"
            data-toggle="list"
            href="#Info1"
            onClick={[Function]}
          >
            Urosurgery
          </a>
        </li>
        <li>
          <a
            class="list-group-item list-group-item-action level2 clinicalSubitem"
            data-toggle="list"
            onClick={[Function]}
          >
            <img
              src="right_arrow_small.png"
            />
            Surgical Specialties
          </a>
        </li>
        <li>
          <a
            class="list-group-item list-group-item-action level3 surgicalSpecialities"
            data-toggle="list"
            href="#Info1"
            onClick={[Function]}
          >
            General Surgery
          </a>
        </li>
        <li>
          <a
            class="list-group-item list-group-item-action level3 surgicalSpecialities"
            data-toggle="list"
            href="#Info1"
            onClick={[Function]}
          >
            Orthopedics
          </a>
        </li>
        <li>
          <a
            class="list-group-item list-group-item-action level3 surgicalSpecialities"
            data-toggle="list"
            href="#Info1"
            onClick={[Function]}
          >
            Ophthalmology
          </a>
        </li>
        <li>
          <a
            class="list-group-item list-group-item-action level3 surgicalSpecialities"
            data-toggle="list"
            href="#Info1"
            onClick={[Function]}
          >
            Otorhinolaryngology
          </a>
        </li>
        <li>
          <a
            class="list-group-item list-group-item-action level3 surgicalSpecialities"
            data-toggle="list"
            href="#Info1"
            onClick={[Function]}
          >
            Obstetrics & Gynecology
          </a>
        </li>
        <li>
          <a
            class="list-group-item list-group-item-action level2 clinicalSubitem"
            data-toggle="list"
            onClick={[Function]}
          >
            <img
              src="right_arrow_small.png"
            />
            Allied Services
          </a>
        </li>
        <li>
          <a
            class="list-group-item list-group-item-action level3 alliedServices"
            data-toggle="list"
            href="#Info1"
            onClick={[Function]}
          >
            Dentistry
          </a>
        </li>
        <li>
          <a
            class="list-group-item list-group-item-action level3 alliedServices"
            data-toggle="list"
            href="#ErrorInfo"
          >
            Physiotherapy
          </a>
        </li>
        <li>
          <a
            class="list-group-item list-group-item-action level3 alliedServices"
            data-toggle="list"
            href="#Info1"
            onClick={[Function]}
          >
            Blood Bank
          </a>
        </li>
        <li>
          <a
            class="list-group-item list-group-item-action level3 alliedServices"
            data-toggle="list"
            href="#Info1"
            onClick={[Function]}
          >
            Eye Bank
          </a>
        </li>
        <li>
          <a
            class="list-group-item list-group-item-action level3 alliedServices"
            data-toggle="list"
            href="#Info1"
            onClick={[Function]}
          >
            Bio Medical Waste Management
          </a>
        </li>
        <li>
          <a
            class="list-group-item list-group-item-action level3 alliedServices"
            data-toggle="list"
            href="#ErrorInfo"
          >
            Disaster Management
          </a>
        </li>
        <li>
          <a
            class="list-group-item list-group-item-action level3 alliedServices"
            data-toggle="list"
            href="#ErrorInfo"
          >
            Nursing
          </a>
        </li>
        <li>
          <a
            class="list-group-item list-group-item-action level3 alliedServices"
            data-toggle="list"
            href="#ErrorInfo"
          >
            Body / Kidney / Organ donation
          </a>
        </li>
        <li>
          <a
            class="list-group-item list-group-item-action level3 alliedServices"
            data-toggle="list"
            href="#Info1"
            onClick={[Function]}
          >
            Institute of Nursing education
          </a>
        </li>
        <li>
          <a
            class="list-group-item list-group-item-action level2 clinicalSubitem"
            data-toggle="list"
            onClick={[Function]}
          >
            <img
              src="right_arrow_small.png"
            />
            HIV AIDS
          </a>
        </li>
        <li>
          <a
            class="list-group-item list-group-item-action level3 hivAids"
            data-toggle="list"
            href="#ErrorInfo"
          >
            ICTC
          </a>
        </li>
        <li>
          <a
            class="list-group-item list-group-item-action level3 hivAids"
            data-toggle="list"
            href="#ErrorInfo"
          >
            ART
          </a>
        </li>
      </ul>
    </nav>
    <article
      class="col-lg-8 col-md-8"
    >
      <header
        id="article_heading"
      >
         Departments
      </header>
      <br />
      <div
        class="tab-content"
      >
        <div
          class="tab-pane fade col-lg-9 "
          id="Info1"
        >
          <iframe
            height="500px"
            id="pdf"
            src=""
            width="150%"
          />
        </div>
        <div
          class="tab-pane fade col-lg-9 "
          id="ErrorInfo"
        >
          PDF NOT AVAILABLE !!!
        </div>
      </div>
    </article>
  </section>
</div>
`;
